CREATE TABLE event_application (
	id serial,
	user_id int8 NOT NULL,
	company_id int8 NOT NULL,
	event_id int8 NOT NULL,
	registration_status varchar(128) NOT NULL,
	CONSTRAINT event_application_pkey PRIMARY KEY (id),
	CONSTRAINT event_application_fk1 FOREIGN KEY (id) REFERENCES company(id),
	CONSTRAINT event_application_fk2 FOREIGN KEY (id) REFERENCES event(id),
	CONSTRAINT event_application_fk3 FOREIGN KEY (id) REFERENCES user(id)
);



INSERT INTO user(id,first_name,last_name,dialing_code,mobile_number,work_email,country,job_title) values



CREATE TABLE event (
	id serial,
	name varchar(45) NOT NULL,
	CONSTRAINT event_pkey PRIMARY KEY (id)
);




CREATE TABLE event_application (
	id serial,
	user_id serial NOT NULL,
	company_id serial NOT NULL,
	event_id serial NOT NULL,
	registration_status varchar(128) NOT NULL,
	CONSTRAINT event_application_pkey PRIMARY KEY (id),
	CONSTRAINT event_application_fk1 FOREIGN KEY (company_id) REFERENCES company(id),
	CONSTRAINT event_application_fk2 FOREIGN KEY (event_id) REFERENCES event(id),
	CONSTRAINT event_application_fk3 FOREIGN KEY (user_id) REFERENCES user(id)
);
























mysql> CREATE DATABASE general_hardware_db;
Query OK, 1 row affected (0.02 sec)

mysql> use general_hardware_db;
Database changed
mysql> CREATE TABLE office (
    -> id bigserial,
    -> telephone varchar(50) NULL,
    -> size_sq_ft int8 NULL,
    -> CONSTRAINT sales_pkey PRIMARY KEY (id)
    -> );
ERROR 1064 (42000): You have an error in your SQL syntax; check the manual that corresponds to your MySQL server version for the right syntax to use near 'bigserial,
telephone varchar(50) NULL,
size_sq_ft int8 NULL,
CONSTRAINT sales_pk' at line 2
mysql> CREATE TABLE office (
    -> id BIGSERIAL,
    -> telephone varchar(50) NULL,
    -> size_sq_ft int8 NULL,
    -> CONSTRAINT sales_pkey PRIMARY KEY (id)
    ->  );
ERROR 1064 (42000): You have an error in your SQL syntax; check the manual that corresponds to your MySQL server version for the right syntax to use near 'BIGSERIAL,
telephone varchar(50) NULL,
size_sq_ft int8 NULL,
CONSTRAINT sales_pk' at line 2
mysql> CREATE TABLE product (
    -> id bigserial,
    -> name varchar(50) NULL,
    -> unit_price NUMERIC (4, 2),
    -> CONSTRAINT product_pkey PRIMARY KEY (id)
    -> );
ERROR 1064 (42000): You have an error in your SQL syntax; check the manual that corresponds to your MySQL server version for the right syntax to use near 'bigserial,
name varchar(50) NULL,
unit_price NUMERIC (4, 2),
CONSTRAINT product_' at line 2
mysql> use practice;
Database changed
mysql> create table serialprac(id SERAIL,name varchar(20));
ERROR 1064 (42000): You have an error in your SQL syntax; check the manual that corresponds to your MySQL server version for the right syntax to use near 'SERAIL,name varchar(20))' at line 1
mysql> create table serialprac(id SERIAL,name varchar(20));
Query OK, 0 rows affected (0.08 sec)

mysql> Create table idm(id BIGSERIAL,name varchar(20));
ERROR 1064 (42000): You have an error in your SQL syntax; check the manual that corresponds to your MySQL server version for the right syntax to use near 'BIGSERIAL,name varchar(20))' at line 1
mysql> CREATE DATABASE event_management_db;
Query OK, 1 row affected (0.01 sec)

mysql> use event_management_db;
Database changed
mysql> CREATE TABLE "user" (
    -> id bigserial,
    -> first_name varchar(128) NOT NULL,
    -> last_name varchar(128) NOT NULL,
    -> dialing_code varchar(10) NOT NULL,
    -> mobile_number varchar(30) NOT NULL,
    -> work_email varchar(100) NOT NULL,
    -> country varchar(50) NOT NULL,
    -> job_title text NULL,
    -> CONSTRAINT user_pkey PRIMARY KEY (id)
    -> );
ERROR 1064 (42000): You have an error in your SQL syntax; check the manual that corresponds to your MySQL server version for the right syntax to use near '"user" (
id bigserial,
first_name varchar(128) NOT NULL,
last_name varchar(128) ' at line 1
mysql> CREATE TABLE "user" (
    -> id bigserial,
    -> first_name varchar(128) NOT NULL,
    -> last_name varchar(128) NOT NULL,
    -> dialing_code varchar(10) NOT NULL,
    -> mobile_number varchar(30) NOT NULL,
    -> work_email varchar(100) NOT NULL,
    -> country varchar(50) NOT NULL,
    -> job_title text NULL,
    -> CONSTRAINT user_pkey PRIMARY KEY (id)
    -> job_title text NULL,
    -> ;
ERROR 1064 (42000): You have an error in your SQL syntax; check the manual that corresponds to your MySQL server version for the right syntax to use near '"user" (
id bigserial,
first_name varchar(128) NOT NULL,
last_name varchar(128) ' at line 1
mysql> CREATE TABLE user (
    -> id bigserial,
    -> first_name varchar(128) NOT NULL,
    -> last_name varchar(128) NOT NULL,
    -> dialing_code varchar(10) NOT NULL,
    -> mobile_number varchar(30) NOT NULL,
    -> work_email varchar(100) NOT NULL,
    -> country varchar(50) NOT NULL,
    -> job_title text NULL,
    -> CONSTRAINT user_pkey PRIMARY KEY (id)
    -> );
ERROR 1064 (42000): You have an error in your SQL syntax; check the manual that corresponds to your MySQL server version for the right syntax to use near 'bigserial,
first_name varchar(128) NOT NULL,
last_name varchar(128) NOT NULL,
di' at line 2
mysql>  CREATE TABLE user (
    -> id SERIAL,
    -> first_name varchar(128) NOT NULL,
    -> last_name varchar(128) NOT NULL,
    -> dialing_code varchar(10) NOT NULL,
    -> mobile_number varchar(30) NOT NULL,
    -> work_email varchar(100) NOT NULL,
    -> country varchar(50) NOT NULL,
    -> job_title text NULL,
    -> CONSTRAINT user_pkey PRIMARY KEY (id)
    -> );
Query OK, 0 rows affected (0.08 sec)

mysql> CREATE TABLE company (
    -> id bigserial,
    -> name varchar(100) NULL,
    -> website varchar(128) NULL,
    -> city varchar(50) NOT NULL,
    -> country varchar(50) NOT NULL,
    -> CONSTRAINT company_pkey PRIMARY KEY (id)
    -> )
    -> ;
ERROR 1064 (42000): You have an error in your SQL syntax; check the manual that corresponds to your MySQL server version for the right syntax to use near 'bigserial,
name varchar(100) NULL,
website varchar(128) NULL,
city varchar(50) N' at line 2
mysql> CREATE TABLE company (
    -> Id Serial
    -> name varchar(100) NULL,
    -> website varchar(128) NULL,
    -> city varchar(50) NOT NULL,
    -> country varchar(50) NOT NULL,
    -> CONSTRAINT company_pkey PRIMARY KEY (id)
    -> );
ERROR 1064 (42000): You have an error in your SQL syntax; check the manual that corresponds to your MySQL server version for the right syntax to use near 'name varchar(100) NULL,
website varchar(128) NULL,
city varchar(50) NOT NULL,
co' at line 3
mysql> CREATE TABLE company (
    ->  Id Serial,
    -> name varchar(100) NULL,
    -> website varchar(128) NULL,
    -> city varchar(50) NOT NULL,
    -> country varchar(50) NOT NULL,
    -> CONSTRAINT company_pkey PRIMARY KEY (id)
    -> );
Query OK, 0 rows affected (0.09 sec)

mysql> CREATE TABLE "event" (
    -> id Serial,
    -> name varchar(45) NOT NULL,
    -> CONSTRAINT event_pkey PRIMARY KEY (id)
    -> );
ERROR 1064 (42000): You have an error in your SQL syntax; check the manual that corresponds to your MySQL server version for the right syntax to use near '"event" (
id Serial,
name varchar(45) NOT NULL,
CONSTRAINT event_pkey PRIMARY KE' at line 1
mysql>  CREATE TABLE event (
    -> id Serial,
    -> name varchar(45) NOT NULL,
    ->  CONSTRAINT event_pkey PRIMARY KEY (id)
    ->  );
Query OK, 0 rows affected (0.08 sec)

mysql> CREATE TABLE event_application (
    -> is serial,
    -> user_id int8 NOT NULL,
    -> company_id int8 NOT NULL,
    -> event_id int8 NOT NULL,
    -> registration_status varchar(128) NOT NULL,
    -> CONSTRAINT event_application_pkey PRIMARY KEY (id),
    -> CONSTRAINT event_application_fk1 FOREIGN KEY (company_id) REFERENCES company(id),
    -> CONSTRAINT event_application_fk2 FOREIGN KEY (event_id) REFERENCES "event"(id),
    -> CONSTRAINT event_application_fk3 FOREIGN KEY (user_id) REFERENCES "user"(id)
    -> );
ERROR 1064 (42000): You have an error in your SQL syntax; check the manual that corresponds to your MySQL server version for the right syntax to use near 'is serial,
user_id int8 NOT NULL,
company_id int8 NOT NULL,
event_id int8 NOT NU' at line 2
mysql> CREATE TABLE event_application (
    -> id Serial,
    -> user_id int8 NOT NULL,
    -> company_id int8 NOT NULL,
    -> event_id int8 NOT NULL,
    -> registration_status varchar(128) NOT NULL,
    -> CONSTRAINT event_application_pkey PRIMARY KEY (id),
    -> CONSTRAINT event_application_fk1 FOREIGN KEY (company_id) REFERENCES company(id),
    -> CONSTRAINT event_application_fk2 FOREIGN KEY (event_id) REFERENCES "event"(id),
    -> CONSTRAINT event_application_fk3 FOREIGN KEY (user_id) REFERENCES "user"(id)
    -> );
ERROR 1064 (42000): You have an error in your SQL syntax; check the manual that corresponds to your MySQL server version for the right syntax to use near '"event"(id),
CONSTRAINT event_application_fk3 FOREIGN KEY (user_id) REFERENCES "' at line 9
mysql> CREATE TABLE event_application (
    -> id Serial,
    -> user_id int8 NOT NULL,
    -> company_id int8 NOT NULL,
    -> event_id int8 NOT NULL,
    -> registration_status varchar(128) NOT NULL,
    -> CONSTRAINT event_application_pkey PRIMARY KEY (id),
    -> CONSTRAINT event_application_fk1 FOREIGN KEY (company_id) REFERENCES company(id),
    -> CONSTRAINT event_application_fk2 FOREIGN KEY (event_id) REFERENCES event(id),
    ->  CONSTRAINT event_application_fk3 FOREIGN KEY (user_id) REFERENCES user(id)
    -> );
ERROR 3780 (HY000): Referencing column 'company_id' and referenced column 'id' in foreign key constraint 'event_application_fk1' are incompatible.
mysql> CREATE TABLE event_application (
    -> id Serial,
    -> user_id int8 NOT NULL,
    -> company_id int8 NOT NULL,
    -> event_id int8 NOT NULL,
    -> registration_status varchar(128) NOT NULL,
    -> CONSTRAINT event_application_pkey PRIMARY KEY (id),
    -> CONSTRAINT event_application_fk1 FOREIGN KEY (company_id) REFERENCES company(id));
ERROR 3780 (HY000): Referencing column 'company_id' and referenced column 'id' in foreign key constraint 'event_application_fk1' are incompatible.
mysql> CREATE TABLE event_application (
    ->  id Serial,
    ->  user_id int8 NOT NULL,
    ->  company_id int8 NOT NULL,
    -> event_id int8 NOT NULL,
    -> registration_status varchar(128) NOT NULL,
    -> CONSTRAINT event_application_pkey PRIMARY KEY (id),
    -> CONSTRAINT event_application_fk2 FOREIGN KEY (event_id) REFERENCES event(id),
    ->  CONSTRAINT event_application_fk3 FOREIGN KEY (user_id) REFERENCES user(id)
    -> );
ERROR 3780 (HY000): Referencing column 'event_id' and referenced column 'id' in foreign key constraint 'event_application_fk2' are incompatible.
mysql> CREATE TABLE event_application (
    -> id serial,
    -> user_id int8 NOT NULL,
    -> company_id int8 NOT NULL,
    -> event_id int8 NOT NULL,
    -> registration_status varchar(128) NOT NULL,
    -> CONSTRAINT event_application_pkey PRIMARY KEY (id),
    -> CONSTRAINT event_application_fk1 FOREIGN KEY (company_id) REFERENCES company(id),
    -> CONSTRAINT event_application_fk2 FOREIGN KEY (event_id) REFERENCES "event"(id),
    -> CONSTRAINT event_application_fk3 FOREIGN KEY (user_id) REFERENCES "user"(id)
    -> );
ERROR 1064 (42000): You have an error in your SQL syntax; check the manual that corresponds to your MySQL server version for the right syntax to use near '"event"(id),
CONSTRAINT event_application_fk3 FOREIGN KEY (user_id) REFERENCES "' at line 9
mysql> CREATE TABLE event_application (
    -> id serial,
    -> user_id int8 NOT NULL,
    -> company_id int8 NOT NULL,
    -> event_id int8 NOT NULL,
    -> registration_status varchar(128) NOT NULL,
    -> CONSTRAINT event_application_pkey PRIMARY KEY (id),
    -> CONSTRAINT event_application_fk1 FOREIGN KEY (cid) REFERENCES company(id),
    -> CONSTRAINT event_application_fk2 FOREIGN KEY (eid) REFERENCES event(id),
    -> CONSTRAINT event_application_fk3 FOREIGN KEY (uid) REFERENCES user(id)
    -> );
ERROR 1072 (42000): Key column 'cid' doesn't exist in table
mysql> CREATE TABLE event_application (
    -> id serial,
    -> user_id int8 NOT NULL,
    -> company_id int8 NOT NULL,
    -> event_id int8 NOT NULL,
    -> registration_status varchar(128) NOT NULL,
    -> CONSTRAINT event_application_pkey PRIMARY KEY (id),
    -> CONSTRAINT event_application_fk1 FOREIGN KEY (id) REFERENCES company(id),
    -> CONSTRAINT event_application_fk2 FOREIGN KEY (id) REFERENCES event(id),
    -> CONSTRAINT event_application_fk3 FOREIGN KEY (id) REFERENCES user(id)
    -> );
Query OK, 0 rows affected (0.09 sec)

mysql> INSERT INTO "user"
    -> VALUES(1, 'Dan', 'Williams', '+91', '9876543210', 'williams@amazon.com', 'India', 'Director');
ERROR 1064 (42000): You have an error in your SQL syntax; check the manual that corresponds to your MySQL server version for the right syntax to use near '"user"
VALUES(1, 'Dan', 'Williams', '+91', '9876543210', 'williams@amazon.com', ' at line 1
mysql> desc user;
+---------------+-----------------+------+-----+---------+----------------+
| Field         | Type            | Null | Key | Default | Extra          |
+---------------+-----------------+------+-----+---------+----------------+
| id            | bigint unsigned | NO   | PRI | NULL    | auto_increment |
| first_name    | varchar(128)    | NO   |     | NULL    |                |
| last_name     | varchar(128)    | NO   |     | NULL    |                |
| dialing_code  | varchar(10)     | NO   |     | NULL    |                |
| mobile_number | varchar(30)     | NO   |     | NULL    |                |
| work_email    | varchar(100)    | NO   |     | NULL    |                |
| country       | varchar(50)     | NO   |     | NULL    |                |
| job_title     | text            | YES  |     | NULL    |                |
+---------------+-----------------+------+-----+---------+----------------+
8 rows in set (0.01 sec)

mysql> INSERT INTO user(id,first_name,last_name,dialing_code,mobile_number,work_email,country,job_title) values (1, 'Dan', 'Williams', '+91', '9876543210', 'williams@amazon.com', 'India', 'Director'),(2, 'Sam', 'Wilson', '+91', '9090909090', 'wilson@facebook.com', 'Canada', 'Manager'),(3, 'Willey', 'Harris', '+91', '7766554433', 'harris@google.com', 'China', 'Manager'),(4, 'Barrack', 'Robinson', '+91', '9090909090', 'robinson@microsoft.com', 'China', 'Director'),(5, 'Chirst', 'Stevens', '+91', '8888338833', 'danwilliams@linkedin.com', 'Japan', 'Manager'),(6, 'Olivia', 'Walker', '+91', '1236547890', 'danwilliams@facebook.com', 'Canada', 'Director'),(7, 'Emma', 'Allen', '+91', '9876567898', 'danwilliams@hotmail.com', 'India', 'Engineer'),(8, 'Isabella', 'Baker', '+91', '1326547890', 'danwilliams@google.com', 'China', 'Director'),(9, 'Sophia', 'Holmes', '+91', '9988776655', 'danwilliams@facebook.com', 'Canada', 'Engineer'),(10, 'Charlotte', 'Chapman', '+91', '2222222222', 'danwilliams@amazon.com', 'India', 'Engineer');
Query OK, 10 rows affected (0.01 sec)
Records: 10  Duplicates: 0  Warnings: 0

mysql> select * from user;
+----+------------+-----------+--------------+---------------+--------------------------+---------+-----------+
| id | first_name | last_name | dialing_code | mobile_number | work_email               | country | job_title |
+----+------------+-----------+--------------+---------------+--------------------------+---------+-----------+
|  1 | Dan        | Williams  | +91          | 9876543210    | williams@amazon.com      | India   | Director  |
|  2 | Sam        | Wilson    | +91          | 9090909090    | wilson@facebook.com      | Canada  | Manager   |
|  3 | Willey     | Harris    | +91          | 7766554433    | harris@google.com        | China   | Manager   |
|  4 | Barrack    | Robinson  | +91          | 9090909090    | robinson@microsoft.com   | China   | Director  |
|  5 | Chirst     | Stevens   | +91          | 8888338833    | danwilliams@linkedin.com | Japan   | Manager   |
|  6 | Olivia     | Walker    | +91          | 1236547890    | danwilliams@facebook.com | Canada  | Director  |
|  7 | Emma       | Allen     | +91          | 9876567898    | danwilliams@hotmail.com  | India   | Engineer  |
|  8 | Isabella   | Baker     | +91          | 1326547890    | danwilliams@google.com   | China   | Director  |
|  9 | Sophia     | Holmes    | +91          | 9988776655    | danwilliams@facebook.com | Canada  | Engineer  |
| 10 | Charlotte  | Chapman   | +91          | 2222222222    | danwilliams@amazon.com   | India   | Engineer  |
+----+------------+-----------+--------------+---------------+--------------------------+---------+-----------+
10 rows in set (0.00 sec)

mysql> INSERT INTO company
    -> VALUES(101, 'Amazon', 'www.amazon.com', 'Bengluru', 'India');
Query OK, 1 row affected (0.01 sec)

mysql> INSERT INTO company
    -> VALUES(102, 'Facebook', 'www.facebook.com', 'Ontario', 'Canada');
Query OK, 1 row affected (0.01 sec)

mysql> INSERT INTO company
    -> VALUES(103, 'Google', 'www.google.com', 'Bijing', 'China');
Query OK, 1 row affected (0.01 sec)

mysql> INSERT INTO company
    -> VALUES(104, 'Microsoft', 'www.microsoft.com', 'Shanghai', 'China');
Query OK, 1 row affected (0.01 sec)

mysql> INSERT INTO company
    -> VALUES(105, 'Linkedin', 'www.linkedin.com', 'Tokyo', 'Japan');
Query OK, 1 row affected (0.01 sec)

mysql> select * from  company;
+-----+-----------+-------------------+----------+---------+
| Id  | name      | website           | city     | country |
+-----+-----------+-------------------+----------+---------+
| 101 | Amazon    | www.amazon.com    | Bengluru | India   |
| 102 | Facebook  | www.facebook.com  | Ontario  | Canada  |
| 103 | Google    | www.google.com    | Bijing   | China   |
| 104 | Microsoft | www.microsoft.com | Shanghai | China   |
| 105 | Linkedin  | www.linkedin.com  | Tokyo    | Japan   |
+-----+-----------+-------------------+----------+---------+
5 rows in set (0.00 sec)

mysql> INSERT INTO event
    -> VALUES(1, 'Spring Fair');
Query OK, 1 row affected (0.01 sec)

mysql> INSERT INTO event
    -> VALUES(2, 'Autumn Fair');
Query OK, 1 row affected (0.01 sec)

mysql> INSERT INTO event
    -> VALUES(3, 'Oracle');
Query OK, 1 row affected (0.01 sec)

mysql> INSERT INTO event
    -> VALUES(4, 'BETT');
Query OK, 1 row affected (0.01 sec)

mysql> INSERT INTO event_application
    -> VALUES(1, 1, 101, 1, 'Completed');
ERROR 1452 (23000): Cannot add or update a child row: a foreign key constraint fails (`event_management_db`.`event_application`, CONSTRAINT `event_application_fk1` FOREIGN KEY (`id`) REFERENCES `company` (`Id`))
mysql> desc event_application;
+---------------------+-----------------+------+-----+---------+----------------+
| Field               | Type            | Null | Key | Default | Extra          |
+---------------------+-----------------+------+-----+---------+----------------+
| id                  | bigint unsigned | NO   | PRI | NULL    | auto_increment |
| user_id             | bigint          | NO   |     | NULL    |                |
| company_id          | bigint          | NO   |     | NULL    |                |
| event_id            | bigint          | NO   |     | NULL    |                |
| registration_status | varchar(128)    | NO   |     | NULL    |                |
+---------------------+-----------------+------+-----+---------+----------------+
5 rows in set (0.00 sec)

mysql> alter table event_application add foreign key(id) references user(id);
Query OK, 0 rows affected (0.20 sec)
Records: 0  Duplicates: 0  Warnings: 0

mysql> desc event_appli9cation;
ERROR 1146 (42S02): Table 'event_management_db.event_appli9cation' doesn't exist
mysql> desc event_application;
+---------------------+-----------------+------+-----+---------+----------------+
| Field               | Type            | Null | Key | Default | Extra          |
+---------------------+-----------------+------+-----+---------+----------------+
| id                  | bigint unsigned | NO   | PRI | NULL    | auto_increment |
| user_id             | bigint          | NO   |     | NULL    |                |
| company_id          | bigint          | NO   |     | NULL    |                |
| event_id            | bigint          | NO   |     | NULL    |                |
| registration_status | varchar(128)    | NO   |     | NULL    |                |
+---------------------+-----------------+------+-----+---------+----------------+
5 rows in set (0.00 sec)

mysql> desc user;
+---------------+-----------------+------+-----+---------+----------------+
| Field         | Type            | Null | Key | Default | Extra          |
+---------------+-----------------+------+-----+---------+----------------+
| id            | bigint unsigned | NO   | PRI | NULL    | auto_increment |
| first_name    | varchar(128)    | NO   |     | NULL    |                |
| last_name     | varchar(128)    | NO   |     | NULL    |                |
| dialing_code  | varchar(10)     | NO   |     | NULL    |                |
| mobile_number | varchar(30)     | NO   |     | NULL    |                |
| work_email    | varchar(100)    | NO   |     | NULL    |                |
| country       | varchar(50)     | NO   |     | NULL    |                |
| job_title     | text            | YES  |     | NULL    |                |
+---------------+-----------------+------+-----+---------+----------------+
8 rows in set (0.00 sec)

mysql> desc company;
+---------+-----------------+------+-----+---------+----------------+
| Field   | Type            | Null | Key | Default | Extra          |
+---------+-----------------+------+-----+---------+----------------+
| Id      | bigint unsigned | NO   | PRI | NULL    | auto_increment |
| name    | varchar(100)    | YES  |     | NULL    |                |
| website | varchar(128)    | YES  |     | NULL    |                |
| city    | varchar(50)     | NO   |     | NULL    |                |
| country | varchar(50)     | NO   |     | NULL    |                |
+---------+-----------------+------+-----+---------+----------------+
5 rows in set (0.00 sec)

mysql> desc event;
+-------+-----------------+------+-----+---------+----------------+
| Field | Type            | Null | Key | Default | Extra          |
+-------+-----------------+------+-----+---------+----------------+
| id    | bigint unsigned | NO   | PRI | NULL    | auto_increment |
| name  | varchar(45)     | NO   |     | NULL    |                |
+-------+-----------------+------+-----+---------+----------------+
2 rows in set (0.00 sec)

mysql>  alter table event_application add foreign key(user_id) references user(id);
ERROR 3780 (HY000): Referencing column 'user_id' and referenced column 'id' in foreign key constraint 'event_application_ibfk_2' are incompatible.
mysql> drop table event_application;
Query OK, 0 rows affected (0.05 sec)

mysql> desc event_application;
ERROR 1146 (42S02): Table 'event_management_db.event_application' doesn't exist
mysql> CREATE TABLE event_application (
    -> id serial,
    -> user_id int8 NOT NULL,
    -> foreign key(user_id) references user(id));
ERROR 3780 (HY000): Referencing column 'user_id' and referenced column 'id' in foreign key constraint 'event_application_ibfk_1' are incompatible.
mysql> CREATE TABLE event_application (
    ->  id serial,
    -> user_id int8 NOT NULL,
    -> ;
ERROR 1064 (42000): You have an error in your SQL syntax; check the manual that corresponds to your MySQL server version for the right syntax to use near '' at line 3
mysql> alter table event drop column id;
Query OK, 4 rows affected (0.15 sec)
Records: 4  Duplicates: 0  Warnings: 0

mysql> desc event;
+-------+-------------+------+-----+---------+-------+
| Field | Type        | Null | Key | Default | Extra |
+-------+-------------+------+-----+---------+-------+
| name  | varchar(45) | NO   |     | NULL    |       |
+-------+-------------+------+-----+---------+-------+
1 row in set (0.00 sec)

mysql> alter table event add Eid serial primary key;
Query OK, 0 rows affected (0.16 sec)
Records: 0  Duplicates: 0  Warnings: 0

mysql> select * from event;
+-------------+-----+
| name        | Eid |
+-------------+-----+
| Spring Fair |   1 |
| Autumn Fair |   2 |
| Oracle      |   3 |
| BETT        |   4 |
+-------------+-----+
4 rows in set (0.00 sec)

mysql> CREATE TABLE event_application (
    ->  id serial,
    -> Eid int8 not null,
    -> foreign key(Eid) references event(Eid));
ERROR 3780 (HY000): Referencing column 'Eid' and referenced column 'Eid' in foreign key constraint 'event_application_ibfk_1' are incompatible.
mysql> drop event;
ERROR 1064 (42000): You have an error in your SQL syntax; check the manual that corresponds to your MySQL server version for the right syntax to use near '' at line 1
mysql> drop table event;
Query OK, 0 rows affected (0.04 sec)

mysql> select * from user;
+----+------------+-----------+--------------+---------------+--------------------------+---------+-----------+
| id | first_name | last_name | dialing_code | mobile_number | work_email               | country | job_title |
+----+------------+-----------+--------------+---------------+--------------------------+---------+-----------+
|  1 | Dan        | Williams  | +91          | 9876543210    | williams@amazon.com      | India   | Director  |
|  2 | Sam        | Wilson    | +91          | 9090909090    | wilson@facebook.com      | Canada  | Manager   |
|  3 | Willey     | Harris    | +91          | 7766554433    | harris@google.com        | China   | Manager   |
|  4 | Barrack    | Robinson  | +91          | 9090909090    | robinson@microsoft.com   | China   | Director  |
|  5 | Chirst     | Stevens   | +91          | 8888338833    | danwilliams@linkedin.com | Japan   | Manager   |
|  6 | Olivia     | Walker    | +91          | 1236547890    | danwilliams@facebook.com | Canada  | Director  |
|  7 | Emma       | Allen     | +91          | 9876567898    | danwilliams@hotmail.com  | India   | Engineer  |
|  8 | Isabella   | Baker     | +91          | 1326547890    | danwilliams@google.com   | China   | Director  |
|  9 | Sophia     | Holmes    | +91          | 9988776655    | danwilliams@facebook.com | Canada  | Engineer  |
| 10 | Charlotte  | Chapman   | +91          | 2222222222    | danwilliams@amazon.com   | India   | Engineer  |
+----+------------+-----------+--------------+---------------+--------------------------+---------+-----------+
10 rows in set (0.00 sec)

mysql> select * from company;
+-----+-----------+-------------------+----------+---------+
| Id  | name      | website           | city     | country |
+-----+-----------+-------------------+----------+---------+
| 101 | Amazon    | www.amazon.com    | Bengluru | India   |
| 102 | Facebook  | www.facebook.com  | Ontario  | Canada  |
| 103 | Google    | www.google.com    | Bijing   | China   |
| 104 | Microsoft | www.microsoft.com | Shanghai | China   |
| 105 | Linkedin  | www.linkedin.com  | Tokyo    | Japan   |
+-----+-----------+-------------------+----------+---------+
5 rows in set (0.00 sec)

mysql> select * from event;
ERROR 1146 (42S02): Table 'event_management_db.event' doesn't exist
mysql>
mysql> CREATE TABLE "event" (
    -> id serial,
    -> name varchar(45) NOT NULL,
    -> CONSTRAINT event_pkey PRIMARY KEY (id)
    -> );
ERROR 1064 (42000): You have an error in your SQL syntax; check the manual that corresponds to your MySQL server version for the right syntax to use near '"event" (
id serial,
name varchar(45) NOT NULL,
CONSTRAINT event_pkey PRIMARY KE' at line 1
mysql>
mysql> CREATE TABLE event (
    -> id serial,
    -> name varchar(45) NOT NULL,
    -> CONSTRAINT event_pkey PRIMARY KEY (id)
    -> );
Query OK, 0 rows affected (0.08 sec)

mysql> CREATE TABLE event_application (
    -> id serial,
    -> user_id serial NOT NULL,
    -> company_id serial NOT NULL,
    -> event_id serial NOT NULL,
    -> registration_status varchar(128) NOT NULL,
    -> CONSTRAINT event_application_pkey PRIMARY KEY (id),
    -> CONSTRAINT event_application_fk1 FOREIGN KEY (company_id) REFERENCES company(id),
    -> CONSTRAINT event_application_fk2 FOREIGN KEY (event_id) REFERENCES "event"(id),
    -> CONSTRAINT event_application_fk3 FOREIGN KEY (user_id) REFERENCES "user"(id)
    -> );
ERROR 1064 (42000): You have an error in your SQL syntax; check the manual that corresponds to your MySQL server version for the right syntax to use near '"event"(id),
CONSTRAINT event_application_fk3 FOREIGN KEY (user_id) REFERENCES "' at line 9
mysql> CREATE TABLE event_application (
    -> id serial,
    -> user_id serial NOT NULL,
    -> company_id serial NOT NULL,
    -> event_id serial NOT NULL,
    -> registration_status varchar(128) NOT NULL,
    -> CONSTRAINT event_application_pkey PRIMARY KEY (id),
    -> CONSTRAINT event_application_fk1 FOREIGN KEY (company_id) REFERENCES company(id),
    -> CONSTRAINT event_application_fk2 FOREIGN KEY (event_id) REFERENCES event(id),
    -> CONSTRAINT event_application_fk3 FOREIGN KEY (user_id) REFERENCES user(id)
    -> );
ERROR 1075 (42000): Incorrect table definition; there can be only one auto column and it must be defined as a key
mysql> desc event;
+-------+-----------------+------+-----+---------+----------------+
| Field | Type            | Null | Key | Default | Extra          |
+-------+-----------------+------+-----+---------+----------------+
| id    | bigint unsigned | NO   | PRI | NULL    | auto_increment |
| name  | varchar(45)     | NO   |     | NULL    |                |
+-------+-----------------+------+-----+---------+----------------+
2 rows in set (0.00 sec)

mysql> alter table event drop constraint serial;
ERROR 3940 (HY000): Constraint 'serial' does not exist.
mysql>
